.
├── .SRCINFO
├── .Xauthority
├── .Xresources
├── .babelrc
├── .bash_profile
├── .bashrc
├── .clang-format
├── .clang-tidy
├── .codespellrc
├── .condarc
├── .dockerignore
├── .ds_store
├── .editorconfig
├── .env
├── .eslintignore
├── .eslintrc
├── .git-blame-ignore-revs
├── .gitattributes
├── .gitconfig
├── .gitignore
├── .gitlab-ci.yml
├── .gitmodules
├── .gtkrc-2.0
├── .gvimrc
├── .justfile
├── .luacheckrc
├── .luaurc
├── .mailmap
├── .nanorc
├── .npmignore
├── .npmrc
├── .nuxtrc
├── .nvmrc
├── .pre-commit-config.yaml
├── .prettierignore
├── .prettierrc
├── .prettierrc.cjs
├── .prettierrc.js
├── .prettierrc.json
├── .prettierrc.json5
├── .prettierrc.mjs
├── .prettierrc.toml
├── .prettierrc.yaml
├── .prettierrc.yml
├── .pylintrc
├── .settings.json
├── .vimrc
├── .xinitrc
├── .xsession
├── .zprofile
├── .zshenv
├── .zshrc
├── AUTHORS
├── AUTHORS.txt
├── Directory.Build.props
├── Directory.Build.targets
├── Directory.Packages.props
├── FreeCAD.conf
├── Gemfile
├── PKGBUILD
├── PrusaSlicer.ini
├── PrusaSlicerGcodeViewer.ini
├── QtProject.conf
├── _gvimrc
├── _vimrc
├── brewfile
├── bspwmrc
├── build
├── build.gradle
├── build.zig.zon
├── bun.lock
├── bun.lockb
├── cantorrc
├── checkhealth
├── cmakelists.txt
├── code_of_conduct
├── code_of_conduct.md
├── commit_editmsg
├── commitlint.config.js
├── commitlint.config.ts
├── compose.yaml
├── compose.yml
├── config
├── containerfile
├── copying
├── copying.lesser
├── docker-compose.yaml
├── docker-compose.yml
├── dockerfile
├── eslint.config.cjs
├── eslint.config.js
├── eslint.config.mjs
├── eslint.config.ts
├── example.3gp
├── example.3mf
├── example.7z
├── example.Dockerfile
├── example.R
├── example.a
├── example.aac
├── example.ada
├── example.adb
├── example.ads
├── example.ai
├── example.aif
├── example.aiff
├── example.android
├── example.ape
├── example.apk
├── example.apl
├── example.app
├── example.applescript
├── example.asc
├── example.asm
├── example.ass
├── example.astro
├── example.avif
├── example.awk
├── example.azcli
├── example.bak
├── example.bash
├── example.bat
├── example.bazel
├── example.bib
├── example.bicep
├── example.bicepparam
├── example.bin
├── example.blade.php
├── example.blend
├── example.blp
├── example.bmp
├── example.bqn
├── example.brep
├── example.bz
├── example.bz2
├── example.bz3
├── example.bzl
├── example.c
├── example.cache
├── example.cast
├── example.cbl
├── example.cc
├── example.ccm
├── example.cfg
├── example.cjs
├── example.clj
├── example.cljc
├── example.cljd
├── example.cljs
├── example.cmake
├── example.cob
├── example.cobol
├── example.coffee
├── example.conda
├── example.conf
├── example.config.ru
├── example.cow
├── example.cp
├── example.cpp
├── example.cppm
├── example.cpy
├── example.cr
├── example.crdownload
├── example.cs
├── example.csh
├── example.cshtml
├── example.cson
├── example.csproj
├── example.css
├── example.csv
├── example.cts
├── example.cu
├── example.cue
├── example.cuh
├── example.cxx
├── example.cxxm
├── example.d
├── example.d.ts
├── example.dart
├── example.db
├── example.dconf
├── example.desktop
├── example.diff
├── example.dll
├── example.doc
├── example.dockerignore
├── example.docx
├── example.dot
├── example.download
├── example.drl
├── example.dropbox
├── example.dump
├── example.dwg
├── example.dxf
├── example.ebook
├── example.ebuild
├── example.edn
├── example.eex
├── example.ejs
├── example.el
├── example.elc
├── example.elf
├── example.elm
├── example.eln
├── example.env
├── example.eot
├── example.epp
├── example.epub
├── example.erb
├── example.erl
├── example.ex
├── example.exe
├── example.exs
├── example.f
├── example.f3d
├── example.f90
├── example.fbx
├── example.fcbak
├── example.fcmacro
├── example.fcmat
├── example.fcparam
├── example.fcscript
├── example.fcstd
├── example.fcstd1
├── example.fctb
├── example.fctl
├── example.fdmdownload
├── example.feature
├── example.fish
├── example.flac
├── example.flc
├── example.flf
├── example.fnl
├── example.fodg
├── example.fodp
├── example.fods
├── example.fodt
├── example.fs
├── example.fsi
├── example.fsscript
├── example.fsx
├── example.gcode
├── example.gd
├── example.gemspec
├── example.gif
├── example.git
├── example.glb
├── example.gleam
├── example.gnumakefile
├── example.go
├── example.godot
├── example.gpr
├── example.gql
├── example.gradle
├── example.graphql
├── example.gresource
├── example.gv
├── example.gz
├── example.h
├── example.haml
├── example.hbs
├── example.heex
├── example.hex
├── example.hh
├── example.hpp
├── example.hrl
├── example.hs
├── example.htm
├── example.html
├── example.http
├── example.huff
├── example.hurl
├── example.hx
├── example.hxx
├── example.ical
├── example.icalendar
├── example.ico
├── example.ics
├── example.ifb
├── example.ifc
├── example.ige
├── example.iges
├── example.igs
├── example.image
├── example.img
├── example.import
├── example.info
├── example.ini
├── example.ino
├── example.ipynb
├── example.iso
├── example.ixx
├── example.java
├── example.jl
├── example.jpeg
├── example.jpg
├── example.js
├── example.json
├── example.json5
├── example.jsonc
├── example.jsx
├── example.jwmrc
├── example.jxl
├── example.kbx
├── example.kdb
├── example.kdbx
├── example.kdenlive
├── example.kdenlivetitle
├── example.kicad_dru
├── example.kicad_mod
├── example.kicad_pcb
├── example.kicad_prl
├── example.kicad_pro
├── example.kicad_sch
├── example.kicad_sym
├── example.kicad_wks
├── example.ko
├── example.kpp
├── example.kra
├── example.krz
├── example.ksh
├── example.kt
├── example.kts
├── example.lck
├── example.leex
├── example.less
├── example.lff
├── example.lhs
├── example.lib
├── example.license
├── example.liquid
├── example.lock
├── example.log
├── example.lrc
├── example.lua
├── example.luac
├── example.luau
├── example.m
├── example.m3u
├── example.m3u8
├── example.m4a
├── example.m4v
├── example.magnet
├── example.makefile
├── example.markdown
├── example.material
├── example.md
├── example.md5
├── example.mdx
├── example.mint
├── example.mjs
├── example.mk
├── example.mkv
├── example.ml
├── example.mli
├── example.mm
├── example.mo
├── example.mobi
├── example.mojo
├── example.mov
├── example.mp3
├── example.mp4
├── example.mpp
├── example.msf
├── example.mts
├── example.mustache
├── example.nfo
├── example.nim
├── example.nix
├── example.norg
├── example.nswag
├── example.nu
├── example.o
├── example.obj
├── example.odf
├── example.odg
├── example.odin
├── example.odp
├── example.ods
├── example.odt
├── example.oga
├── example.ogg
├── example.ogv
├── example.ogx
├── example.opus
├── example.org
├── example.otf
├── example.out
├── example.part
├── example.patch
├── example.pck
├── example.pcm
├── example.pdf
├── example.php
├── example.pl
├── example.pls
├── example.ply
├── example.pm
├── example.png
├── example.po
├── example.pot
├── example.pp
├── example.ppt
├── example.pptx
├── example.prisma
├── example.pro
├── example.ps1
├── example.psb
├── example.psd
├── example.psd1
├── example.psm1
├── example.pub
├── example.pxd
├── example.pxi
├── example.py
├── example.pyc
├── example.pyd
├── example.pyi
├── example.pyo
├── example.pyw
├── example.pyx
├── example.qm
├── example.qml
├── example.qrc
├── example.qss
├── example.query
├── example.rake
├── example.rar
├── example.razor
├── example.rb
├── example.res
├── example.resi
├── example.rlib
├── example.rmd
├── example.rproj
├── example.rs
├── example.rss
├── example.s
├── example.sass
├── example.sbt
├── example.sc
├── example.scad
├── example.scala
├── example.scm
├── example.scss
├── example.sh
├── example.sha1
├── example.sha224
├── example.sha256
├── example.sha384
├── example.sha512
├── example.sig
├── example.signature
├── example.skp
├── example.sldasm
├── example.sldprt
├── example.slim
├── example.sln
├── example.slnx
├── example.slvs
├── example.sml
├── example.so
├── example.sol
├── example.spec.js
├── example.spec.jsx
├── example.spec.ts
├── example.spec.tsx
├── example.spx
├── example.sql
├── example.sqlite
├── example.sqlite3
├── example.srt
├── example.ssa
├── example.ste
├── example.step
├── example.stl
├── example.stories.js
├── example.stories.jsx
├── example.stories.mjs
├── example.stories.svelte
├── example.stories.ts
├── example.stories.tsx
├── example.stories.vue
├── example.strings
├── example.styl
├── example.sub
├── example.sublime
├── example.suo
├── example.sv
├── example.svelte
├── example.svg
├── example.svgz
├── example.svh
├── example.swift
├── example.t
├── example.tbc
├── example.tcl
├── example.templ
├── example.terminal
├── example.test.js
├── example.test.jsx
├── example.test.ts
├── example.test.tsx
├── example.tex
├── example.tf
├── example.tfvars
├── example.tgz
├── example.tmpl
├── example.tmux
├── example.toml
├── example.torrent
├── example.tres
├── example.ts
├── example.tscn
├── example.tsconfig
├── example.tsx
├── example.ttf
├── example.twig
├── example.txt
├── example.txz
├── example.typ
├── example.typoscript
├── example.ui
├── example.v
├── example.vala
├── example.vh
├── example.vhd
├── example.vhdl
├── example.vi
├── example.vim
├── example.vsh
├── example.vsix
├── example.vue
├── example.wasm
├── example.wav
├── example.webm
├── example.webmanifest
├── example.webp
├── example.webpack
├── example.wma
├── example.woff
├── example.woff2
├── example.wrl
├── example.wrz
├── example.wv
├── example.wvc
├── example.x
├── example.xaml
├── example.xcf
├── example.xcplayground
├── example.xcstrings
├── example.xls
├── example.xlsx
├── example.xm
├── example.xml
├── example.xpi
├── example.xul
├── example.xz
├── example.yaml
├── example.yml
├── example.zig
├── example.zip
├── example.zsh
├── example.zst
├── ext_typoscript_setup.txt
├── favicon.ico
├── fp-info-cache
├── fp-lib-table
├── gnumakefile
├── go.mod
├── go.sum
├── go.work
├── gradle-wrapper.properties
├── gradle.properties
├── gradlew
├── groovy
├── gruntfile.babel.js
├── gruntfile.coffee
├── gruntfile.js
├── gruntfile.ts
├── gtkrc
├── gulpfile.babel.js
├── gulpfile.coffee
├── gulpfile.js
├── gulpfile.ts
├── hypridle.conf
├── hyprland.conf
├── hyprlandd.conf
├── hyprlock.conf
├── hyprpaper.conf
├── i18n.config.js
├── i18n.config.ts
├── i3blocks.conf
├── i3status.conf
├── index.theme
├── ionic.config.json
├── justfile
├── kalgebrarc
├── kdeglobals
├── kdenlive-layoutsrc
├── kdenliverc
├── kritadisplayrc
├── kritarc
├── license
├── license.md
├── lxde-rc.xml
├── lxqt.conf
├── makefile
├── mix.lock
├── mpv.conf
├── node_modules
├── nuxt.config.cjs
├── nuxt.config.js
├── nuxt.config.mjs
├── nuxt.config.ts
├── package-lock.json
├── package.json
├── platformio.ini
├── pom.xml
├── prettier.config.cjs
├── prettier.config.js
├── prettier.config.mjs
├── prettier.config.ts
├── procfile
├── py.typed
├── rakefile
├── readme
├── readme.md
├── rmd
├── robots.txt
├── security
├── security.md
├── settings.gradle
├── svelte.config.js
├── sxhkdrc
├── sym-lib-table
├── tailwind.config.js
├── tailwind.config.mjs
├── tailwind.config.ts
├── tmux.conf
├── tmux.conf.local
├── tsconfig.json
├── unlicense
├── vagrantfile
├── vercel.json
├── vlcrc
├── webpack
├── weston.ini
├── workspace
├── wrangler.jsonc
├── wrangler.toml
├── xmobarrc
├── xmobarrc.hs
├── xmonad.hs
├── xorg.conf
└── xsettingsd.conf

1 directory, 656 files
