.
└── dir
    ├── a.txt
    └── folder
        └── dir
            └── folder
                └── dir
                    └── folder
                        └── dir
                            └── folder
                                └── dir
                                    └── folder
                                        └── dir
                                            └── folder
                                                └── dir
                                                    └── folder
                                                        └── dir
                                                            └── folder

17 directories, 1 file
